// Vitest Snapshot v1, https://vitest.dev/guide/snapshot.html

exports[`createMCDAStyle > filterSetup() > creates correct filter when both MCDA layers have outliers === "clamp" 1`] = `
[
  "all",
  [
    "any",
    [
      "!=",
      [
        "/",
        [
          "get",
          "hazardous_days_count",
        ],
        [
          "get",
          "one",
        ],
      ],
      0,
    ],
    [
      "!=",
      [
        "/",
        [
          "get",
          "population",
        ],
        [
          "get",
          "area_km2",
        ],
      ],
      0,
    ],
  ],
  [
    "!=",
    [
      "get",
      "one",
    ],
    0,
  ],
  [
    "!=",
    [
      "get",
      "area_km2",
    ],
    0,
  ],
]
`;

exports[`createMCDAStyle > filterSetup() > creates correct filter when one of the MCDA layers has outliers === "hide" 1`] = `
[
  "all",
  [
    "any",
    [
      "!=",
      [
        "/",
        [
          "get",
          "hazardous_days_count",
        ],
        [
          "get",
          "one",
        ],
      ],
      0,
    ],
    [
      "!=",
      [
        "/",
        [
          "get",
          "population",
        ],
        [
          "get",
          "area_km2",
        ],
      ],
      0,
    ],
  ],
  [
    ">=",
    [
      "/",
      [
        "get",
        "population",
      ],
      [
        "get",
        "area_km2",
      ],
    ],
    100,
  ],
  [
    "<=",
    [
      "/",
      [
        "get",
        "population",
      ],
      [
        "get",
        "area_km2",
      ],
    ],
    46200,
  ],
  [
    "!=",
    [
      "get",
      "one",
    ],
    0,
  ],
  [
    "!=",
    [
      "get",
      "area_km2",
    ],
    0,
  ],
]
`;
